======================================================================
完整对比测试：原始模型 vs 微调模型 × 三种归一化
时间: 2026-05-18 16:06:57
日志文件: C:\workbench\Kronos\logs\complete_comparison_20260518_160657.log
======================================================================

测试参数:
  lookback: 400
  pred_len: 10
  n_samples: 100
  IC计算点: P+3

加载测试数据...
股票数: 2555
Device: cuda

======================================================================
加载模型: pretrained
Tokenizer: pretrained/Kronos-Tokenizer-2k
Predictor: pretrained/Kronos-mini
======================================================================

测试: pretrained + full_window
  有效样本: 100
  方向准确率: 68.00%
  IC: 0.1516
  MSE: 0.132463

测试: pretrained + sliding_ma20
  有效样本: 100
  方向准确率: 48.00%
  IC: 0.0370
  MSE: 0.011098

测试: pretrained + sliding_ma60
  有效样本: 100
  方向准确率: 40.00%
  IC: -0.0444
  MSE: 0.042153

======================================================================
加载模型: final_models
Tokenizer: final_models/Kronos-Tokenizer-2k
Predictor: final_models/Kronos-mini
======================================================================

测试: final_models + full_window
  有效样本: 100
  方向准确率: 68.00%
  IC: 0.1621
  MSE: 0.128892

测试: final_models + sliding_ma20
  有效样本: 100
  方向准确率: 55.00%
  IC: 0.1486
  MSE: 0.016690

测试: final_models + sliding_ma60
  有效样本: 100
  方向准确率: 46.00%
  IC: 0.0586
  MSE: 0.045513

======================================================================
完整对比结果
======================================================================

模型            归一化方式      Samples  DirAcc%  IC       MSE
----------------------------------------------------------------------
pretrained      full_window        100   68.00   0.1516    0.132463
pretrained      sliding_ma20       100   48.00   0.0370    0.011098
pretrained      sliding_ma60       100   40.00  -0.0444    0.042153
final_models    full_window        100   68.00   0.1621    0.128892
final_models    sliding_ma20       100   55.00   0.1486    0.016690
final_models    sliding_ma60       100   46.00   0.0586    0.045513

======================================================================
分析结论
======================================================================

按IC排序（从高到低）：
  1. final_models+full_window: IC=0.1621, DirAcc=68.00%
  2. pretrained+full_window: IC=0.1516, DirAcc=68.00%
  3. final_models+sliding_ma20: IC=0.1486, DirAcc=55.00%
  4. final_models+sliding_ma60: IC=0.0586, DirAcc=46.00%
  5. pretrained+sliding_ma20: IC=0.0370, DirAcc=48.00%
  6. pretrained+sliding_ma60: IC=-0.0444, DirAcc=40.00%

最佳组合：final_models + full_window
  IC: 0.1621
  方向准确率: 68.00%

归一化方式对比：
  full_window: 平均IC=0.1569, 平均DirAcc=68.00%
  sliding_ma20: 平均IC=0.0928, 平均DirAcc=51.50%
  sliding_ma60: 平均IC=0.0071, 平均DirAcc=43.00%

模型对比：
  pretrained: 平均IC=0.0481, 平均DirAcc=52.00%
  final_models: 平均IC=0.1231, 平均DirAcc=56.33%

测试完成！
